// Jest Snapshot v1, https://goo.gl/fbAQLP

exports[`schema to tree 1`] = `
[
  "RefSchemaUrl",
  [
    "Certificate",
    [
      "CertificateLanguages",
      "Id",
      "Date",
      [
        "Standard",
        [
          "Norm",
          "Type",
        ],
      ],
      "Contacts",
      [
        "Parties",
        [
          [
            "Manufacturer",
            [
              "ZipCode",
              "City",
              "Country",
              "Email",
              "AdditionalInformation",
              "Street",
              [
                "Identifiers",
                [
                  "CageCode",
                ],
              ],
            ],
          ],
          [
            "Customer",
            [
              "ZipCode",
              "City",
              "Country",
              "Email",
              "AdditionalInformation",
              "Street",
              [
                "Identifiers",
                [
                  "CageCode",
                ],
              ],
            ],
          ],
          [
            "Receiver",
            [
              "ZipCode",
              "City",
              "Country",
              "Email",
              "AdditionalInformation",
              "Street",
              [
                "Identifiers",
                [
                  "CageCode",
                ],
              ],
            ],
          ],
          [
            "GoodsReceiver",
            [
              "ZipCode",
              "City",
              "Country",
              "Email",
              "AdditionalInformation",
              "Street",
              [
                "Identifiers",
                [
                  "CageCode",
                ],
              ],
            ],
          ],
        ],
      ],
      [
        "BusinessTransaction",
        [
          [
            "Order",
            [
              "Id",
              "Position",
              "Date",
              "Quantity",
              "QuantityUnit",
              "CustomerProductId",
              "CustomerProductName",
              "GoodsReceiptId",
            ],
          ],
          [
            "OrderConfirmation",
            [
              "Id",
              "Date",
            ],
          ],
          [
            "Delivery",
            [
              "Id",
              "Position",
              "Date",
              "Quantity",
              "QuantityUnit",
              "InternalOrderId",
              "InternalOrderPosition",
              "Transport",
            ],
          ],
        ],
      ],
      [
        "Product",
        [
          "Id",
          "Name",
          "CountryOfOrigin",
          "PlaceOfOrigin",
          "FillingBatchId",
          "FillingBatchDate",
          "ProductionBatchId",
          "ProductionDate",
          "Standards",
          "ExpirationDate",
          "AdditionalInformation",
        ],
      ],
      [
        "Analysis",
        [
          "LotId",
          "PropertiesStandard",
          "Inspections",
          "AdditionalInformation",
        ],
      ],
      [
        "DeclarationOfConformity",
        [
          "Declaration",
          [
            "CE",
            [
              "CE_Image",
              "NotifiedBodyNumber",
              "YearDocumentIssued",
              "DocumentNumber",
            ],
          ],
        ],
      ],
      "Attachments",
      "Logo",
      "Disclaimer",
    ],
  ],
]
`;
